// Jest Snapshot v1, https://goo.gl/fbAQLP

exports[`renders correctly 1`] = `
<header
  className="o-header"
>
  <h1>
    klickrent
  </h1>
</header>
`;
