// Jest Snapshot v1, https://goo.gl/fbAQLP

exports[`renders correctly 1`] = `
<div
  className="App"
>
  <Header />
  <main
    className="o-main"
  >
    <Button
      onClick={[Function]}
    >
      Start inquiry
    </Button>
  </main>
</div>
`;
